Microchip MPLAB XC8 Compiler V2.46

Linker command line:

-W-3 --edf=F:\MPLAB\pic\dat\20240104201356_en.msgs -cn \
  -h+dist/default/production\lab01_B_part4_5.X.production.sym \
  --cmf=dist/default/production\lab01_B_part4_5.X.production.cmf -z \
  -Q18F26K20 -oC:\Users\kanis\AppData\Local\Temp\xcAs4fg.\driver_tmp_3.o \
  --defsym=__MPLAB_BUILD=1 --fixupoverflow=error \
  -Mdist/default/production/lab01_B_part4_5.X.production.map \
  --md=C:\Users\kanis\AppData\Local\Temp\xcAs4fg.\driver_tmp_0.dat -E1 \
  -ver=XC8 Compiler --acfsm=1493 -ACODE=00h-0FFFFh -ACONST=00h-0FFFFh \
  -ASMALLCONST=01000h-010FFhx240 -AMEDIUMCONST=01000h-0FFFFh \
  -ACOMRAM=01h-05Fh -AABS1=00h-0F5Fh -ABIGRAM=01h-0F5Fh \
  -ARAM=060h-0FFh,0100h-01FFhx14,0F00h-0F5Fh -ABANK0=060h-0FFh \
  -ABANK1=0100h-01FFh -ABANK2=0200h-02FFh -ABANK3=0300h-03FFh \
  -ABANK4=0400h-04FFh -ABANK5=0500h-05FFh -ABANK6=0600h-06FFh \
  -ABANK7=0700h-07FFh -ABANK8=0800h-08FFh -ABANK9=0900h-09FFh \
  -ABANK10=0A00h-0AFFh -ABANK11=0B00h-0BFFh -ABANK12=0C00h-0CFFh \
  -ABANK13=0D00h-0DFFh -ABANK14=0E00h-0EFFh -ABANK15=0F00h-0F5Fh \
  -ASFR=0F60h-0FFFh -ABIGSFR=0F60h-0FFFh -ACONFIG=0300000h-030000Dh \
  -AIDLOC=0200000h-0200007h -AEEDATA=0F00000h-0F003FFh -peeprom_data=EEDATA \
  -preset_vec=00h,intcode,sivt_hi,intcodelo,sivt_lo,powerup,init \
  -pramtop=01000h -psmallconst=SMALLCONST -pmediumconst=MEDIUMCONST \
  -pconst=CONST -AFARRAM=00h-00h \
  -prdata=COMRAM,nvrram=COMRAM,nvbit=COMRAM,rbss=COMRAM,rbit=COMRAM \
  -pfarbss=FARRAM,fardata=FARRAM,nvFARRAM=FARRAM \
  -pintsave_regs=BIGRAM,bigbss=BIGRAM,bigdata=BIGRAM -pbss=RAM \
  -pidata=CODE,irdata=CODE,ibigdata=CODE,ifardata=CODE -prparam=COMRAM \
  C:\Users\kanis\AppData\Local\Temp\xcAs4fg.\driver_tmp_9.o \
  dist/default/production\lab01_B_part4_5.X.production.o 

Object code version is 3.11

Machine type is 18F26K20



                Name                               Link     Load   Length Selector   Space Scale
C:\Users\kanis\AppData\Local\Temp\xcAs4fg.\driver_tmp_9.o
                config                           300000   300000        E        0       4
                init                                  0        0        4        0       0
dist/default/production\lab01_B_part4_5.X.production.o
                config                           300000   300000        E        0       4
                smallconst                         1000     1000       32      800       0
                text14                             1232     1232        2      819       0
                text13                             122C     122C        6      819       0
                text12                             1032     1032       80      819       0
                text11                             1224     1224        8      819       0
                text10                             121A     121A        A      819       0
                text9                              11BC     11BC       1C      819       0
                text8                              11A0     11A0       1C      819       0
                text7                              1110     1110       36      819       0
                text6                              1210     1210        A      819       0
                text5                              1206     1206        A      819       0
                text4                              11FC     11FC        A      819       0
                text3                              1146     1146       34      819       0
                text2                              117A     117A       26      819       0
                text1                              11EA     11EA       12      819       0
                text0                              10B2     10B2       5E      819       0
                cstackCOMRAM                          E        E        2        1       1
                bssCOMRAM                             1        1        D        1       1
                cinit                              11D8     11D8       12      819       0

TOTAL           Name                               Link     Load   Length     Space
        CLASS   CODE           
                init                                  0        0        4         0
                text14                             1232     1232        2         0
                text13                             122C     122C        6         0
                text12                             1032     1032       80         0
                text11                             1224     1224        8         0
                text10                             121A     121A        A         0
                text9                              11BC     11BC       1C         0
                text8                              11A0     11A0       1C         0
                text7                              1110     1110       36         0
                text6                              1210     1210        A         0
                text5                              1206     1206        A         0
                text4                              11FC     11FC        A         0
                text3                              1146     1146       34         0
                text2                              117A     117A       26         0
                text1                              11EA     11EA       12         0
                text0                              10B2     10B2       5E         0
                cinit                              11D8     11D8       12         0

        CLASS   CONST          

        CLASS   SMALLCONST     
                smallconst                         1000     1000       32         0

        CLASS   MEDIUMCONST    

        CLASS   COMRAM         
                cstackCOMRAM                          E        E        2         1
                bssCOMRAM                             1        1        D         1

        CLASS   ABS1           

        CLASS   BIGRAM         

        CLASS   RAM            

        CLASS   BANK0          

        CLASS   BANK1          

        CLASS   BANK2          

        CLASS   BANK3          

        CLASS   BANK4          

        CLASS   BANK5          

        CLASS   BANK6          

        CLASS   BANK7          

        CLASS   BANK8          

        CLASS   BANK9          

        CLASS   BANK10         

        CLASS   BANK11         

        CLASS   BANK12         

        CLASS   BANK13         

        CLASS   BANK14         

        CLASS   BANK15         

        CLASS   SFR            

        CLASS   BIGSFR         

        CLASS   CONFIG         
                config                           300000   300000        E         4

        CLASS   IDLOC          

        CLASS   EEDATA         

        CLASS   FARRAM         

        CLASS   HEAP           

        CLASS   STACK          



SEGMENTS        Name                           Load    Length   Top    Selector   Space  Class

                reset_vec                      000000  000004  000004         0       0  CODE    
                bssCOMRAM                      000001  00000F  000010         1       1  COMRAM  
                smallconst                     001000  000032  001032       800       0  SMALLCON
                text12                         001032  000202  001234       819       0  CODE    


UNUSED ADDRESS RANGES

        Name                Unused          Largest block    Delta
        BANK0            000060-0000FF               A0
        BANK1            000100-0001FF              100
        BANK10           000A00-000AFF              100
        BANK11           000B00-000BFF              100
        BANK12           000C00-000CFF              100
        BANK13           000D00-000DFF              100
        BANK14           000E00-000EFF              100
        BANK15           000F00-000F5F               60
        BANK2            000200-0002FF              100
        BANK3            000300-0003FF              100
        BANK4            000400-0004FF              100
        BANK5            000500-0005FF              100
        BANK6            000600-0006FF              100
        BANK7            000700-0007FF              100
        BANK8            000800-0008FF              100
        BANK9            000900-0009FF              100
        BIGRAM           000010-000F5F              F50
        BIGSFR           000F60-000FFF               A0
        CODE             000004-000FFF              FFC
                         001234-00FFFF             EDCC
        COMRAM           000010-00005F               50
        CONST            000004-000FFF              FFC
                         001234-00FFFF             EDCC
        EEDATA           F00000-F003FF              400
        IDLOC            200000-200007                8
        MEDIUMCONST      001234-00FFFF             EDCC
        RAM              000060-000F5F              100
        SFR              000F60-000FFF               A0
        SMALLCONST       001234-00FFFF              100

                                  Symbol Table

EUSART_FramingErrorCallbackRegister@callbackHandler cstackCOMRAM 00000E
EUSART_OverrunErrorCallbackRegister@callbackHandler cstackCOMRAM 00000E
EUSART_Write@txData                                 cstackCOMRAM 00000E
INT0_SetInterruptHandler@InterruptHandler           cstackCOMRAM 00000E
INT1_SetInterruptHandler@InterruptHandler           cstackCOMRAM 00000E
INT2_SetInterruptHandler@InterruptHandler           cstackCOMRAM 00000E
_ANSELH                                             (abs)        000F7F
_BAUDCON                                            (abs)        000FB8
_BAUDCONbits                                        (abs)        000FB8
_CLOCK_Initialize                                   text10       00121A
_EUSART_AutoBaudQuery                               (abs)        000000
_EUSART_AutoBaudSet                                 (abs)        000000
_EUSART_DefaultFramingErrorCallback                 text14       001232
_EUSART_DefaultOverrunErrorCallback                 text13       00122C
_EUSART_Deinitialize                                (abs)        000000
_EUSART_ErrorGet                                    (abs)        000000
_EUSART_FramingErrorCallbackRegister                text9        0011BC
_EUSART_FramingErrorHandler                         bssCOMRAM    000009
_EUSART_Initialize                                  text7        001110
_EUSART_IsRxReady                                   (abs)        000000
_EUSART_IsTxDone                                    (abs)        000000
_EUSART_IsTxReady                                   (abs)        000000
_EUSART_OverrunErrorCallbackRegister                text8        0011A0
_EUSART_OverrunErrorHandler                         bssCOMRAM    000007
_EUSART_Read                                        text12       001032
_EUSART_TransmitDisable                             (abs)        000000
_EUSART_TransmitEnable                              (abs)        000000
_EUSART_Write                                       text11       001224
_INT0_DefaultInterruptHandler                       (abs)        000000
_INT0_InterruptHandler                              bssCOMRAM    000005
_INT0_SetInterruptHandler                           text6        001210
_INT1_DefaultInterruptHandler                       (abs)        000000
_INT1_InterruptHandler                              bssCOMRAM    000003
_INT1_SetInterruptHandler                           text5        001206
_INT2_DefaultInterruptHandler                       (abs)        000000
_INT2_InterruptHandler                              bssCOMRAM    000001
_INT2_SetInterruptHandler                           text4        0011FC
_INTCON2bits                                        (abs)        000FF1
_INTCON3bits                                        (abs)        000FF0
_INTCONbits                                         (abs)        000FF2
_INTERRUPT_Initialize                               text3        001146
_IOCB                                               (abs)        000F7D
_LATA                                               (abs)        000F89
_LATB                                               (abs)        000F8A
_LATBbits                                           (abs)        000F8A
_LATC                                               (abs)        000F8B
_OSCCON                                             (abs)        000FD3
_OSCTUNE                                            (abs)        000F9B
_PIN_MANAGER_Initialize                             text2        00117A
_PIR1bits                                           (abs)        000F9E
_RCONbits                                           (abs)        000FD0
_RCREG                                              (abs)        000FAE
_RCSTA                                              (abs)        000FAB
_RCSTAbits                                          (abs)        000FAB
_SPBRG                                              (abs)        000FAF
_SPBRGH                                             (abs)        000FB0
_SYSTEM_Initialize                                  text1        0011EA
_TRISA                                              (abs)        000F92
_TRISB                                              (abs)        000F93
_TRISC                                              (abs)        000F94
_TXREG                                              (abs)        000FAD
_TXSTA                                              (abs)        000FAC
_TXSTAbits                                          (abs)        000FAC
_UART1                                              smallconst   001001
_WPUB                                               (abs)        000F7C
__HRAM                                              (abs)        000000
__H__absolute__                                     __absolute__ 000000
__Habs1                                             abs1         000000
__Hbank0                                            bank0        000000
__Hbank1                                            bank1        000000
__Hbank10                                           bank10       000000
__Hbank11                                           bank11       000000
__Hbank12                                           bank12       000000
__Hbank13                                           bank13       000000
__Hbank14                                           bank14       000000
__Hbank15                                           bank15       000000
__Hbank2                                            bank2        000000
__Hbank3                                            bank3        000000
__Hbank4                                            bank4        000000
__Hbank5                                            bank5        000000
__Hbank6                                            bank6        000000
__Hbank7                                            bank7        000000
__Hbank8                                            bank8        000000
__Hbank9                                            bank9        000000
__Hbigbss                                           bigbss       000000
__Hbigdata                                          bigdata      000000
__Hbigram                                           bigram       000000
__Hbigsfr                                           bigsfr       000000
__Hbss                                              bss          000000
__HbssCOMRAM                                        bssCOMRAM    000000
__Hcinit                                            cinit        000000
__Hclrtext                                          clrtext      000000
__Hcomram                                           comram       000000
__Hconfig                                           config       30000E
__Hconst                                            const        000000
__HcstackCOMRAM                                     cstackCOMRAM 000000
__Hdata                                             data         000000
__Heeprom_data                                      eeprom_data  000000
__Hfarbss                                           farbss       000000
__Hfardata                                          fardata      000000
__Hheap                                             heap         000000
__Hibigdata                                         ibigdata     000000
__Hidata                                            idata        000000
__Hidloc                                            idloc        000000
__Hifardata                                         ifardata     000000
__Hinit                                             init         000004
__Hintcode                                          intcode      000000
__Hintcode_body                                     intcode_body 000000
__Hintcodelo                                        intcodelo    000000
__Hintentry                                         intentry     000000
__Hintret                                           intret       000000
__Hintsave_regs                                     intsave_regs 000000
__Hirdata                                           irdata       000000
__Hmediumconst                                      mediumconst  000000
__HnvFARRAM                                         nvFARRAM     000000
__Hnvbit                                            nvbit        000000
__Hnvrram                                           nvrram       000000
__Hparam                                            rparam       000000
__Hpowerup                                          powerup      000000
__Hram                                              ram          000000
__Hramtop                                           ramtop       001000
__Hrbit                                             rbit         000000
__Hrbss                                             rbss         000000
__Hrdata                                            rdata        000000
__Hreset_vec                                        reset_vec    000000
__Hrparam                                           rparam       000000
__Hsfr                                              sfr          000000
__Hsivt_hi                                          sivt_hi      000000
__Hsivt_lo                                          sivt_lo      000000
__Hsmallconst                                       smallconst   001032
__Hspace_0                                          (abs)        001234
__Hspace_1                                          (abs)        000010
__Hspace_2                                          (abs)        000000
__Hspace_4                                          (abs)        60000E
__Hstack                                            stack        000000
__Hstruct                                           struct       000000
__Htemp                                             temp         000000
__Htext                                             text         000000
__Htext0                                            text0        000000
__Htext1                                            text1        000000
__Htext10                                           text10       000000
__Htext11                                           text11       000000
__Htext12                                           text12       000000
__Htext13                                           text13       000000
__Htext14                                           text14       000000
__Htext2                                            text2        000000
__Htext3                                            text3        000000
__Htext4                                            text4        000000
__Htext5                                            text5        000000
__Htext6                                            text6        000000
__Htext7                                            text7        000000
__Htext8                                            text8        000000
__Htext9                                            text9        000000
__LRAM                                              (abs)        000001
__L__absolute__                                     __absolute__ 000000
__Labs1                                             abs1         000000
__Lbank0                                            bank0        000000
__Lbank1                                            bank1        000000
__Lbank10                                           bank10       000000
__Lbank11                                           bank11       000000
__Lbank12                                           bank12       000000
__Lbank13                                           bank13       000000
__Lbank14                                           bank14       000000
__Lbank15                                           bank15       000000
__Lbank2                                            bank2        000000
__Lbank3                                            bank3        000000
__Lbank4                                            bank4        000000
__Lbank5                                            bank5        000000
__Lbank6                                            bank6        000000
__Lbank7                                            bank7        000000
__Lbank8                                            bank8        000000
__Lbank9                                            bank9        000000
__Lbigbss                                           bigbss       000000
__Lbigdata                                          bigdata      000000
__Lbigram                                           bigram       000000
__Lbigsfr                                           bigsfr       000000
__Lbss                                              bss          000000
__LbssCOMRAM                                        bssCOMRAM    000000
__Lcinit                                            cinit        000000
__Lclrtext                                          clrtext      000000
__Lcomram                                           comram       000000
__Lconfig                                           config       000000
__Lconst                                            const        000000
__LcstackCOMRAM                                     cstackCOMRAM 000000
__Ldata                                             data         000000
__Leeprom_data                                      eeprom_data  000000
__Lfarbss                                           farbss       000000
__Lfardata                                          fardata      000000
__Lheap                                             heap         000000
__Libigdata                                         ibigdata     000000
__Lidata                                            idata        000000
__Lidloc                                            idloc        000000
__Lifardata                                         ifardata     000000
__Linit                                             init         000000
__Lintcode                                          intcode      000000
__Lintcode_body                                     intcode_body 000000
__Lintcodelo                                        intcodelo    000000
__Lintentry                                         intentry     000000
__Lintret                                           intret       000000
__Lintsave_regs                                     intsave_regs 000000
__Lirdata                                           irdata       000000
__Lmediumconst                                      mediumconst  000000
__LnvFARRAM                                         nvFARRAM     000000
__Lnvbit                                            nvbit        000000
__Lnvrram                                           nvrram       000000
__Lparam                                            rparam       000000
__Lpowerup                                          powerup      000000
__Lram                                              ram          000000
__Lramtop                                           ramtop       001000
__Lrbit                                             rbit         000000
__Lrbss                                             rbss         000000
__Lrdata                                            rdata        000000
__Lreset_vec                                        reset_vec    000000
__Lrparam                                           rparam       000000
__Lsfr                                              sfr          000000
__Lsivt_hi                                          sivt_hi      000000
__Lsivt_lo                                          sivt_lo      000000
__Lsmallconst                                       smallconst   001000
__Lspace_0                                          (abs)        000000
__Lspace_1                                          (abs)        000000
__Lspace_2                                          (abs)        000000
__Lspace_4                                          (abs)        000000
__Lstack                                            stack        000000
__Lstruct                                           struct       000000
__Ltemp                                             temp         000000
__Ltext                                             text         000000
__Ltext0                                            text0        000000
__Ltext1                                            text1        000000
__Ltext10                                           text10       000000
__Ltext11                                           text11       000000
__Ltext12                                           text12       000000
__Ltext13                                           text13       000000
__Ltext14                                           text14       000000
__Ltext2                                            text2        000000
__Ltext3                                            text3        000000
__Ltext4                                            text4        000000
__Ltext5                                            text5        000000
__Ltext6                                            text6        000000
__Ltext7                                            text7        000000
__Ltext8                                            text8        000000
__Ltext9                                            text9        000000
__S0                                                (abs)        001234
__S1                                                (abs)        000010
__S4                                                (abs)        000000
__S5                                                (abs)        000000
___heap_hi                                          (abs)        000000
___heap_lo                                          (abs)        000000
___inthi_sp                                         stack        000000
___inthi_stack_hi                                   stack        000000
___inthi_stack_lo                                   stack        000000
___intlo_sp                                         stack        000000
___intlo_stack_hi                                   stack        000000
___intlo_stack_lo                                   stack        000000
___param_bank                                       (abs)        000000
___rparam_used                                      (abs)        000001
___sp                                               stack        000000
___stack_hi                                         stack        000000
___stack_lo                                         stack        000000
__accesstop                                         (abs)        000060
__activetblptr                                      (abs)        000003
__end_of_CLOCK_Initialize                           text10       001224
__end_of_EUSART_DefaultFramingErrorCallback         text14       001234
__end_of_EUSART_DefaultOverrunErrorCallback         text13       001232
__end_of_EUSART_FramingErrorCallbackRegister        text9        0011D8
__end_of_EUSART_Initialize                          text7        001146
__end_of_EUSART_OverrunErrorCallbackRegister        text8        0011BC
__end_of_EUSART_Read                                text12       0010B2
__end_of_EUSART_Write                               text11       00122C
__end_of_INT0_SetInterruptHandler                   text6        00121A
__end_of_INT1_SetInterruptHandler                   text5        001210
__end_of_INT2_SetInterruptHandler                   text4        001206
__end_of_INTERRUPT_Initialize                       text3        00117A
__end_of_PIN_MANAGER_Initialize                     text2        0011A0
__end_of_SYSTEM_Initialize                          text1        0011FC
__end_of_UART1                                      smallconst   001031
__end_of__initialization                            cinit        0011E4
__end_of_main                                       text0        001110
__initialization                                    cinit        0011D8
__mediumconst                                       mediumconst  000000
__pbssCOMRAM                                        bssCOMRAM    000001
__pcinit                                            cinit        0011D8
__pcstackCOMRAM                                     cstackCOMRAM 00000E
__psmallconst                                       smallconst   001000
__ptext0                                            text0        0010B2
__ptext1                                            text1        0011EA
__ptext10                                           text10       00121A
__ptext11                                           text11       001224
__ptext12                                           text12       001032
__ptext13                                           text13       00122C
__ptext14                                           text14       001232
__ptext2                                            text2        00117A
__ptext3                                            text3        001146
__ptext4                                            text4        0011FC
__ptext5                                            text5        001206
__ptext6                                            text6        001210
__ptext7                                            text7        001110
__ptext8                                            text8        0011A0
__ptext9                                            text9        0011BC
__ramtop                                            ramtop       001000
__smallconst                                        smallconst   001000
_data                                               bssCOMRAM    00000D
_eusartRxLastError                                  bssCOMRAM    00000B
_main                                               text0        0010B2
end_of_initialization                               cinit        0011E4
intlevel0                                           text         000000
intlevel1                                           text         000000
intlevel2                                           text         000000
intlevel3                                           text         000000
isa$std                                             (abs)        000001
isa$xinst                                           (abs)        000000
stackhi                                             (abs)        000000
stacklo                                             (abs)        000000
start                                               init         000000
start_initialization                                cinit        0011D8


MODULE INFORMATION

Module		Function		Class		Link	Load	Size
mcc_generated_files/system/src/interrupt.c
		_INT0_SetInterruptHandler		CODE           	1210	0000	10
		_INT1_SetInterruptHandler		CODE           	1206	0000	10
		_INT2_SetInterruptHandler		CODE           	11FC	0000	10
		_INTERRUPT_Initialize		CODE           	1146	0000	52

mcc_generated_files/system/src/interrupt.c estimated size: 82

mcc_generated_files/system/src/pins.c
		_PIN_MANAGER_Initialize		CODE           	117A	0000	38

mcc_generated_files/system/src/pins.c estimated size: 38

shared
		__initialization		CODE           	11D8	0000	12
		_UART1         		SMALLCONST     	1001	0000	48

shared estimated size: 60

mcc_generated_files/uart/src/eusart.c
		_EUSART_FramingErrorCallbackRegister		CODE           	11BC	0000	28
		_EUSART_OverrunErrorCallbackRegister		CODE           	11A0	0000	28
		_EUSART_Read   		CODE           	1032	0000	128
		_EUSART_Write  		CODE           	1224	0000	8
		_EUSART_DefaultOverrunErrorCallback		CODE           	122C	0000	6
		_EUSART_Initialize		CODE           	1110	0000	54
		_EUSART_DefaultFramingErrorCallback		CODE           	1232	0000	2

mcc_generated_files/uart/src/eusart.c estimated size: 254

mcc_generated_files/system/src/clock.c
		_CLOCK_Initialize		CODE           	121A	0000	10

mcc_generated_files/system/src/clock.c estimated size: 10

main.c
		_main          		CODE           	10B2	0000	94

main.c estimated size: 94

mcc_generated_files/system/src/system.c
		_SYSTEM_Initialize		CODE           	11EA	0000	18

mcc_generated_files/system/src/system.c estimated size: 18

